// Jest Snapshot v1, https://goo.gl/fbAQLP

exports[`Categories should render Categories 1`] = `
<DocumentFragment>
  <div
    class="menu-categories"
  >
    <p
      class="menu-categories-title"
    >
      Categories
    </p>
    <ul
      class="categories"
    >
      <li
        class="category-item"
      >
        <svg
          class="category-item-icon"
          fill="green"
          height="16"
          stroke="currentColor"
          stroke-linecap="round"
          stroke-linejoin="round"
          stroke-width="2"
          viewBox="0 0 24 24"
          width="16"
          xmlns="http://www.w3.org/2000/svg"
        >
          <circle
            cx="12"
            cy="12"
            r="10"
          />
        </svg>
         Work
      </li>
      <li
        class="category-item"
      >
        <svg
          class="category-item-icon"
          fill="red"
          height="16"
          stroke="currentColor"
          stroke-linecap="round"
          stroke-linejoin="round"
          stroke-width="2"
          viewBox="0 0 24 24"
          width="16"
          xmlns="http://www.w3.org/2000/svg"
        >
          <circle
            cx="12"
            cy="12"
            r="10"
          />
        </svg>
         Document
      </li>
      <li
        class="category-item"
      >
        <svg
          class="category-item-icon"
          fill="yellow"
          height="16"
          stroke="currentColor"
          stroke-linecap="round"
          stroke-linejoin="round"
          stroke-width="2"
          viewBox="0 0 24 24"
          width="16"
          xmlns="http://www.w3.org/2000/svg"
        >
          <circle
            cx="12"
            cy="12"
            r="10"
          />
        </svg>
         Social
      </li>
      <li
        class="category-item"
      >
        <svg
          class="category-item-icon"
          fill="orange"
          height="16"
          stroke="currentColor"
          stroke-linecap="round"
          stroke-linejoin="round"
          stroke-width="2"
          viewBox="0 0 24 24"
          width="16"
          xmlns="http://www.w3.org/2000/svg"
        >
          <circle
            cx="12"
            cy="12"
            r="10"
          />
        </svg>
         Advertising
      </li>
      <li
        class="category-item"
      >
        <svg
          class="category-item-icon"
          fill="blue"
          height="16"
          stroke="currentColor"
          stroke-linecap="round"
          stroke-linejoin="round"
          stroke-width="2"
          viewBox="0 0 24 24"
          width="16"
          xmlns="http://www.w3.org/2000/svg"
        >
          <circle
            cx="12"
            cy="12"
            r="10"
          />
        </svg>
         Clients
      </li>
    </ul>
  </div>
</DocumentFragment>
`;
