// Jest Snapshot v1, https://goo.gl/fbAQLP

exports[`MailInbox should render inbox 1`] = `
<DocumentFragment>
  <div
    class="page"
  >
    <header
      class="app-header"
    >
      <div
        class="header-left"
      >
        <svg
          class="header-hamburger"
          fill="none"
          height="18"
          stroke="currentColor"
          stroke-linecap="round"
          stroke-linejoin="round"
          stroke-width="2"
          viewBox="0 0 24 24"
          width="18"
          xmlns="http://www.w3.org/2000/svg"
        >
          <line
            x1="3"
            x2="21"
            y1="12"
            y2="12"
          />
          <line
            x1="3"
            x2="21"
            y1="6"
            y2="6"
          />
          <line
            x1="3"
            x2="21"
            y1="18"
            y2="18"
          />
        </svg>
        <input
          class="header-search"
          placeholder="Search for Something..."
          type="search"
        />
      </div>
      <div
        class="header-right"
      >
        <svg
          fill="none"
          height="24"
          stroke="currentColor"
          stroke-linecap="round"
          stroke-linejoin="round"
          stroke-width="2"
          viewBox="0 0 24 24"
          width="24"
          xmlns="http://www.w3.org/2000/svg"
        >
          <path
            d="M4 4h16c1.1 0 2 .9 2 2v12c0 1.1-.9 2-2 2H4c-1.1 0-2-.9-2-2V6c0-1.1.9-2 2-2z"
          />
          <polyline
            points="22,6 12,13 2,6"
          />
        </svg>
        <svg
          fill="none"
          height="24"
          stroke="currentColor"
          stroke-linecap="round"
          stroke-linejoin="round"
          stroke-width="2"
          viewBox="0 0 24 24"
          width="24"
          xmlns="http://www.w3.org/2000/svg"
        >
          <path
            d="M18 8A6 6 0 0 0 6 8c0 7-3 9-3 9h18s-3-2-3-9"
          />
          <path
            d="M13.73 21a2 2 0 0 1-3.46 0"
          />
        </svg>
        <button
          class="header-logout"
          type="submit"
        >
          <svg
            fill="none"
            height="16"
            stroke="currentColor"
            stroke-linecap="round"
            stroke-linejoin="round"
            stroke-width="2"
            viewBox="0 0 24 24"
            width="16"
            xmlns="http://www.w3.org/2000/svg"
          >
            <path
              d="M21 15v4a2 2 0 0 1-2 2H5a2 2 0 0 1-2-2v-4"
            />
            <polyline
              points="7 10 12 15 17 10"
            />
            <line
              x1="12"
              x2="12"
              y1="15"
              y2="3"
            />
          </svg>
          <span>
            Logout
          </span>
        </button>
      </div>
    </header>
    <div
      class="page-content"
    >
      <div
        class="inbox-menu"
      >
        <button
          class="button compose-mail"
          type="submit"
        >
          Compose Mail
        </button>
        <div
          class="menu-folders"
        >
          <p
            class="menu-folders-title"
          >
            Folders
          </p>
          <ul
            class="folders"
          >
            <li
              class="folder-item"
            >
              <svg
                class="folder-item-icon"
                fill="none"
                height="24"
                stroke="currentColor"
                stroke-linecap="round"
                stroke-linejoin="round"
                stroke-width="2"
                viewBox="0 0 24 24"
                width="24"
                xmlns="http://www.w3.org/2000/svg"
              >
                <polyline
                  points="22 12 16 12 14 15 10 15 8 12 2 12"
                />
                <path
                  d="M5.45 5.11L2 12v6a2 2 0 0 0 2 2h16a2 2 0 0 0 2-2v-6l-3.45-6.89A2 2 0 0 0 16.76 4H7.24a2 2 0 0 0-1.79 1.11z"
                />
              </svg>
               Inbox
            </li>
            <li
              class="folder-item"
            >
              <svg
                class="folder-item-icon"
                fill="none"
                height="24"
                stroke="currentColor"
                stroke-linecap="round"
                stroke-linejoin="round"
                stroke-width="2"
                viewBox="0 0 24 24"
                width="24"
                xmlns="http://www.w3.org/2000/svg"
              >
                <path
                  d="M4 4h16c1.1 0 2 .9 2 2v12c0 1.1-.9 2-2 2H4c-1.1 0-2-.9-2-2V6c0-1.1.9-2 2-2z"
                />
                <polyline
                  points="22,6 12,13 2,6"
                />
              </svg>
               Sent Mails
            </li>
            <li
              class="folder-item"
            >
              <svg
                class="folder-item-icon"
                fill="none"
                height="24"
                stroke="currentColor"
                stroke-linecap="round"
                stroke-linejoin="round"
                stroke-width="2"
                viewBox="0 0 24 24"
                width="24"
                xmlns="http://www.w3.org/2000/svg"
              >
                <circle
                  cx="12"
                  cy="12"
                  r="10"
                />
              </svg>
               Important
            </li>
            <li
              class="folder-item"
            >
              <svg
                class="folder-item-icon"
                fill="none"
                height="24"
                stroke="currentColor"
                stroke-linecap="round"
                stroke-linejoin="round"
                stroke-width="2"
                viewBox="0 0 24 24"
                width="24"
                xmlns="http://www.w3.org/2000/svg"
              >
                <path
                  d="M4 19.5A2.5 2.5 0 0 1 6.5 17H20"
                />
                <path
                  d="M6.5 2H20v20H6.5A2.5 2.5 0 0 1 4 19.5v-15A2.5 2.5 0 0 1 6.5 2z"
                />
              </svg>
               Drafts
            </li>
            <li
              class="folder-item"
            >
              <svg
                class="folder-item-icon"
                fill="none"
                height="24"
                stroke="currentColor"
                stroke-linecap="round"
                stroke-linejoin="round"
                stroke-width="2"
                viewBox="0 0 24 24"
                width="24"
                xmlns="http://www.w3.org/2000/svg"
              >
                <polyline
                  points="3 6 5 6 21 6"
                />
                <path
                  d="M19 6v14a2 2 0 0 1-2 2H7a2 2 0 0 1-2-2V6m3 0V4a2 2 0 0 1 2-2h4a2 2 0 0 1 2 2v2"
                />
                <line
                  x1="10"
                  x2="10"
                  y1="11"
                  y2="17"
                />
                <line
                  x1="14"
                  x2="14"
                  y1="11"
                  y2="17"
                />
              </svg>
               Trash
            </li>
          </ul>
        </div>
        <div
          class="menu-categories"
        >
          <p
            class="menu-categories-title"
          >
            Categories
          </p>
          <ul
            class="categories"
          >
            <li
              class="category-item"
            >
              <svg
                class="category-item-icon"
                fill="green"
                height="16"
                stroke="currentColor"
                stroke-linecap="round"
                stroke-linejoin="round"
                stroke-width="2"
                viewBox="0 0 24 24"
                width="16"
                xmlns="http://www.w3.org/2000/svg"
              >
                <circle
                  cx="12"
                  cy="12"
                  r="10"
                />
              </svg>
               Work
            </li>
            <li
              class="category-item"
            >
              <svg
                class="category-item-icon"
                fill="red"
                height="16"
                stroke="currentColor"
                stroke-linecap="round"
                stroke-linejoin="round"
                stroke-width="2"
                viewBox="0 0 24 24"
                width="16"
                xmlns="http://www.w3.org/2000/svg"
              >
                <circle
                  cx="12"
                  cy="12"
                  r="10"
                />
              </svg>
               Document
            </li>
            <li
              class="category-item"
            >
              <svg
                class="category-item-icon"
                fill="yellow"
                height="16"
                stroke="currentColor"
                stroke-linecap="round"
                stroke-linejoin="round"
                stroke-width="2"
                viewBox="0 0 24 24"
                width="16"
                xmlns="http://www.w3.org/2000/svg"
              >
                <circle
                  cx="12"
                  cy="12"
                  r="10"
                />
              </svg>
               Social
            </li>
            <li
              class="category-item"
            >
              <svg
                class="category-item-icon"
                fill="orange"
                height="16"
                stroke="currentColor"
                stroke-linecap="round"
                stroke-linejoin="round"
                stroke-width="2"
                viewBox="0 0 24 24"
                width="16"
                xmlns="http://www.w3.org/2000/svg"
              >
                <circle
                  cx="12"
                  cy="12"
                  r="10"
                />
              </svg>
               Advertising
            </li>
            <li
              class="category-item"
            >
              <svg
                class="category-item-icon"
                fill="blue"
                height="16"
                stroke="currentColor"
                stroke-linecap="round"
                stroke-linejoin="round"
                stroke-width="2"
                viewBox="0 0 24 24"
                width="16"
                xmlns="http://www.w3.org/2000/svg"
              >
                <circle
                  cx="12"
                  cy="12"
                  r="10"
                />
              </svg>
               Clients
            </li>
          </ul>
        </div>
        <div
          class="menu-labels"
        >
          <p
            class="menu-labels-title"
          >
            Labels
          </p>
          <ul
            class="labels"
          >
            <li
              class="label-item"
            >
              <svg
                class="label-item-icon"
                height="14"
                stroke="currentColor"
                stroke-linecap="round"
                stroke-linejoin="round"
                stroke-width="2"
                viewBox="0 0 24 24"
                width="14"
                xmlns="http://www.w3.org/2000/svg"
              >
                <path
                  d="M20.59 13.41l-7.17 7.17a2 2 0 0 1-2.83 0L2 12V2h10l8.59 8.59a2 2 0 0 1 0 2.82z"
                />
                <line
                  x1="7"
                  x2="7.01"
                  y1="7"
                  y2="7"
                />
              </svg>
               Family
            </li>
            <li
              class="label-item"
            >
              <svg
                class="label-item-icon"
                height="14"
                stroke="currentColor"
                stroke-linecap="round"
                stroke-linejoin="round"
                stroke-width="2"
                viewBox="0 0 24 24"
                width="14"
                xmlns="http://www.w3.org/2000/svg"
              >
                <path
                  d="M20.59 13.41l-7.17 7.17a2 2 0 0 1-2.83 0L2 12V2h10l8.59 8.59a2 2 0 0 1 0 2.82z"
                />
                <line
                  x1="7"
                  x2="7.01"
                  y1="7"
                  y2="7"
                />
              </svg>
               Work
            </li>
            <li
              class="label-item"
            >
              <svg
                class="label-item-icon"
                height="14"
                stroke="currentColor"
                stroke-linecap="round"
                stroke-linejoin="round"
                stroke-width="2"
                viewBox="0 0 24 24"
                width="14"
                xmlns="http://www.w3.org/2000/svg"
              >
                <path
                  d="M20.59 13.41l-7.17 7.17a2 2 0 0 1-2.83 0L2 12V2h10l8.59 8.59a2 2 0 0 1 0 2.82z"
                />
                <line
                  x1="7"
                  x2="7.01"
                  y1="7"
                  y2="7"
                />
              </svg>
               Home
            </li>
            <li
              class="label-item"
            >
              <svg
                class="label-item-icon"
                height="14"
                stroke="currentColor"
                stroke-linecap="round"
                stroke-linejoin="round"
                stroke-width="2"
                viewBox="0 0 24 24"
                width="14"
                xmlns="http://www.w3.org/2000/svg"
              >
                <path
                  d="M20.59 13.41l-7.17 7.17a2 2 0 0 1-2.83 0L2 12V2h10l8.59 8.59a2 2 0 0 1 0 2.82z"
                />
                <line
                  x1="7"
                  x2="7.01"
                  y1="7"
                  y2="7"
                />
              </svg>
               Children
            </li>
            <li
              class="label-item"
            >
              <svg
                class="label-item-icon"
                height="14"
                stroke="currentColor"
                stroke-linecap="round"
                stroke-linejoin="round"
                stroke-width="2"
                viewBox="0 0 24 24"
                width="14"
                xmlns="http://www.w3.org/2000/svg"
              >
                <path
                  d="M20.59 13.41l-7.17 7.17a2 2 0 0 1-2.83 0L2 12V2h10l8.59 8.59a2 2 0 0 1 0 2.82z"
                />
                <line
                  x1="7"
                  x2="7.01"
                  y1="7"
                  y2="7"
                />
              </svg>
               Holidays
            </li>
            <li
              class="label-item"
            >
              <svg
                class="label-item-icon"
                height="14"
                stroke="currentColor"
                stroke-linecap="round"
                stroke-linejoin="round"
                stroke-width="2"
                viewBox="0 0 24 24"
                width="14"
                xmlns="http://www.w3.org/2000/svg"
              >
                <path
                  d="M20.59 13.41l-7.17 7.17a2 2 0 0 1-2.83 0L2 12V2h10l8.59 8.59a2 2 0 0 1 0 2.82z"
                />
                <line
                  x1="7"
                  x2="7.01"
                  y1="7"
                  y2="7"
                />
              </svg>
               Music
            </li>
            <li
              class="label-item"
            >
              <svg
                class="label-item-icon"
                height="14"
                stroke="currentColor"
                stroke-linecap="round"
                stroke-linejoin="round"
                stroke-width="2"
                viewBox="0 0 24 24"
                width="14"
                xmlns="http://www.w3.org/2000/svg"
              >
                <path
                  d="M20.59 13.41l-7.17 7.17a2 2 0 0 1-2.83 0L2 12V2h10l8.59 8.59a2 2 0 0 1 0 2.82z"
                />
                <line
                  x1="7"
                  x2="7.01"
                  y1="7"
                  y2="7"
                />
              </svg>
               Photography
            </li>
            <li
              class="label-item"
            >
              <svg
                class="label-item-icon"
                height="14"
                stroke="currentColor"
                stroke-linecap="round"
                stroke-linejoin="round"
                stroke-width="2"
                viewBox="0 0 24 24"
                width="14"
                xmlns="http://www.w3.org/2000/svg"
              >
                <path
                  d="M20.59 13.41l-7.17 7.17a2 2 0 0 1-2.83 0L2 12V2h10l8.59 8.59a2 2 0 0 1 0 2.82z"
                />
                <line
                  x1="7"
                  x2="7.01"
                  y1="7"
                  y2="7"
                />
              </svg>
               Film
            </li>
          </ul>
        </div>
      </div>
      <div
        class="inbox-mails"
      >
        <div
          class="mails-header"
        >
          <div
            class="mails-header-title"
          >
            <h2>
              Inbox
            </h2>
            <div
              class="mail-search"
            >
              <input
                placeholder="Search email"
                type="search"
              />
              <button
                class="button "
                type="submit"
              >
                Search
              </button>
            </div>
          </div>
          <div
            class="mail-operations"
          >
            <div
              class="mail-actions"
            >
              <button
                class="button mail-action"
                type="submit"
              >
                <svg
                  fill="none"
                  height="24"
                  stroke="currentColor"
                  stroke-linecap="round"
                  stroke-linejoin="round"
                  stroke-width="2"
                  viewBox="0 0 24 24"
                  width="24"
                  xmlns="http://www.w3.org/2000/svg"
                >
                  <polyline
                    points="23 4 23 10 17 10"
                  />
                  <polyline
                    points="1 20 1 14 7 14"
                  />
                  <path
                    d="M3.51 9a9 9 0 0 1 14.85-3.36L23 10M1 14l4.64 4.36A9 9 0 0 0 20.49 15"
                  />
                </svg>
                 Refresh
              </button>
              <button
                class="button mail-action"
                type="submit"
              >
                <svg
                  fill="none"
                  height="24"
                  stroke="currentColor"
                  stroke-linecap="round"
                  stroke-linejoin="round"
                  stroke-width="2"
                  viewBox="0 0 24 24"
                  width="24"
                  xmlns="http://www.w3.org/2000/svg"
                >
                  <path
                    d="M1 12s4-8 11-8 11 8 11 8-4 8-11 8-11-8-11-8z"
                  />
                  <circle
                    cx="12"
                    cy="12"
                    r="3"
                  />
                </svg>
              </button>
              <button
                class="button mail-action"
                type="submit"
              >
                <svg
                  fill="none"
                  height="24"
                  stroke="currentColor"
                  stroke-linecap="round"
                  stroke-linejoin="round"
                  stroke-width="2"
                  viewBox="0 0 24 24"
                  width="24"
                  xmlns="http://www.w3.org/2000/svg"
                >
                  <circle
                    cx="12"
                    cy="12"
                    r="10"
                  />
                  <line
                    x1="12"
                    x2="12"
                    y1="8"
                    y2="12"
                  />
                  <line
                    x1="12"
                    x2="12.01"
                    y1="16"
                    y2="16"
                  />
                </svg>
              </button>
              <button
                class="button mail-action"
                type="submit"
              >
                <svg
                  fill="none"
                  height="24"
                  stroke="currentColor"
                  stroke-linecap="round"
                  stroke-linejoin="round"
                  stroke-width="2"
                  viewBox="0 0 24 24"
                  width="24"
                  xmlns="http://www.w3.org/2000/svg"
                >
                  <polyline
                    points="3 6 5 6 21 6"
                  />
                  <path
                    d="M19 6v14a2 2 0 0 1-2 2H7a2 2 0 0 1-2-2V6m3 0V4a2 2 0 0 1 2-2h4a2 2 0 0 1 2 2v2"
                  />
                  <line
                    x1="10"
                    x2="10"
                    y1="11"
                    y2="17"
                  />
                  <line
                    x1="14"
                    x2="14"
                    y1="11"
                    y2="17"
                  />
                </svg>
              </button>
            </div>
            <div
              class="mail-navigation"
            >
              <button
                class="button mail-action"
                type="submit"
              >
                <svg
                  fill="none"
                  height="24"
                  stroke="currentColor"
                  stroke-linecap="round"
                  stroke-linejoin="round"
                  stroke-width="2"
                  viewBox="0 0 24 24"
                  width="24"
                  xmlns="http://www.w3.org/2000/svg"
                >
                  <line
                    x1="19"
                    x2="5"
                    y1="12"
                    y2="12"
                  />
                  <polyline
                    points="12 19 5 12 12 5"
                  />
                </svg>
              </button>
              <button
                class="button mail-action"
                type="submit"
              >
                <svg
                  fill="none"
                  height="24"
                  stroke="currentColor"
                  stroke-linecap="round"
                  stroke-linejoin="round"
                  stroke-width="2"
                  viewBox="0 0 24 24"
                  width="24"
                  xmlns="http://www.w3.org/2000/svg"
                >
                  <line
                    x1="5"
                    x2="19"
                    y1="12"
                    y2="12"
                  />
                  <polyline
                    points="12 5 19 12 12 19"
                  />
                </svg>
              </button>
            </div>
          </div>
        </div>
        <div
          class="mails-content"
        />
      </div>
    </div>
  </div>
</DocumentFragment>
`;
